
> zend-clone-bot@1.0.0 syncemojis
> node src/index.js --sync-emojis

Slash commands registrados no servidor 1518012550422335631.
Logado como Zend clonado#1183.
[syncemojis] reused: 2904notifymember
[syncemojis] reused: account
[syncemojis] reused: activity
[syncemojis] reused: banco2
[syncemojis] reused: celebration
[syncemojis] reused: check
[syncemojis] reused: clock
[syncemojis] reused: cloud
[syncemojis] reused: Editar
[syncemojis] reused: efi
[syncemojis] reused: folder
[syncemojis] reused: forum
[syncemojis] reused: genesisNoC
[syncemojis] reused: genesisTicket
[syncemojis] reused: genesisYes
[syncemojis] reused: hearth
[syncemojis] reused: icons8carrinhodecomprascarregado
[syncemojis] reused: imp_llitecoin
[syncemojis] reused: imp_mercadopago
[syncemojis] reused: infogenesiss
[syncemojis] reused: left
[syncemojis] reused: lightning
[syncemojis] reused: lixeiraRed
[syncemojis] reused: loadinggenesiss
[syncemojis] reused: p7dro_pix
[syncemojis] reused: plus
[syncemojis] reused: pushInPay
[syncemojis] reused: receipt
[syncemojis] reused: refresh
[syncemojis] reused: role
[syncemojis] reused: roller
[syncemojis] reused: Secured
[syncemojis] reused: setaAnimada
[syncemojis] reused: settings
[syncemojis] reused: Sincronizar
[syncemojis] reused: sparks
[syncemojis] reused: store
[syncemojis] reused: support
[syncemojis] reused: syncMessages
[syncemojis] reused: textc
[syncemojis] reused: title
[syncemojis] reused: trashcan
[syncemojis] reused: upload
[syncemojis] reused: url
[syncemojis] reused: users
[syncemojis] reused: verifieldgenesiss
[syncemojis] reused: visible
[syncemojis] reused: wallet
[syncemojis] reused: welcome
[syncemojis] reused: yesgenesiss
